ROW 1 YES
ROW 2 YES
ROW 3 YES
ROW 4 NO
ROW 5 YES
ROW 6 NO
ROW 7 YES
COLUMN 1 YES
COLUMN 2 YES
COLUMN 3 NO
COLUMN 4 YES
COLUMN 5 YES
COLUMN 6 NO
COLUMN 7 YES
MARKOV NO
